// Jest Snapshot v1, https://goo.gl/fbAQLP

exports[`Base renders without crashing 1`] = `
<WithStyles(CssBaseline)>
  <WithStyles(Paper)
    elevation={0}
    style={
      Object {
        "backgroundColor": "#fafafa",
        "margin": 0,
        "padding": 0,
      }
    }
  >
    <React.Memo />
    <Child />
  </WithStyles(Paper)>
</WithStyles(CssBaseline)>
`;
