// Jest Snapshot v1, https://goo.gl/fbAQLP

exports[`Base renders without crashing 1`] = `
<WithStyles(Paper)
  elevation={0}
  style={
    Object {
      "backgroundColor": "#fafafa",
      "margin": 0,
      "padding": 0,
    }
  }
>
  <React.Memo
    menuItems={
      Array [
        Object {
          "component": [Function],
          "exact": true,
          "layout": Object {
            "$$typeof": Symbol(react.memo),
            "compare": null,
            "type": [Function],
          },
          "path": "/",
          "title": "Home",
        },
        Object {
          "component": [Function],
          "exact": true,
          "layout": undefined,
          "path": "/todos",
          "title": "Todos",
        },
      ]
    }
  >
    Todos
  </React.Memo>
  <Child />
</WithStyles(Paper)>
`;
