// Jest Snapshot v1, https://goo.gl/fbAQLP

exports[`Layout renders without crashing 1`] = `
<WithStyles(Paper)
  elevation={0}
  style={
    Object {
      "backgroundColor": "#fafafa",
      "margin": 0,
      "padding": 0,
    }
  }
>
  <WithStyles(AppBar)
    color="primary"
    position="static"
    style={
      Object {
        "height": 64,
      }
    }
  >
    <WithStyles(Toolbar)
      style={
        Object {
          "height": 60,
        }
      }
    >
      <WithStyles(Typography)
        color="inherit"
      >
        Todo App
      </WithStyles(Typography)>
    </WithStyles(Toolbar)>
  </WithStyles(AppBar)>
  <Child />
</WithStyles(Paper)>
`;
